// Jest Snapshot v1, https://goo.gl/fbAQLP exports[`HomeContent 1`] = ` [
<header>
  <img
    alt="Kobieta kandydat do organu samorządowe odpowiada na pytania, podczas publicznej debaty"
    data-nimg="fill"
    decoding="async"
    loading="lazy"
    onError="{[Function]}"
    onLoad="{[Function]}"
    sizes="100vw"
    src="/_next/image?url=%2Fimages%2Fhome-header.jpg&w=3840&q=75"
    srcset="
      /_next/image?url=%2Fimages%2Fhome-header.jpg&w=640&q=75   640w,
      /_next/image?url=%2Fimages%2Fhome-header.jpg&w=750&q=75   750w,
      /_next/image?url=%2Fimages%2Fhome-header.jpg&w=828&q=75   828w,
      /_next/image?url=%2Fimages%2Fhome-header.jpg&w=1080&q=75 1080w,
      /_next/image?url=%2Fimages%2Fhome-header.jpg&w=1200&q=75 1200w,
      /_next/image?url=%2Fimages%2Fhome-header.jpg&w=1920&q=75 1920w,
      /_next/image?url=%2Fimages%2Fhome-header.jpg&w=2048&q=75 2048w,
      /_next/image?url=%2Fimages%2Fhome-header.jpg&w=3840&q=75 3840w
    "
  />
  <div className="MuiBox-root css-ziwp42">
    <div className="MuiBox-root css-hovahr">
      <h1
        className="MuiTypography-root MuiTypography-h3 MuiTypography-gutterBottom css-1mktp8m-MuiTypography-root"
      >
        Masz pytania dotyczące naszej społeczności?
      </h1>
      <p
        className="MuiTypography-root MuiTypography-body1 MuiTypography-paragraph css-z2eky3-MuiTypography-root"
      >
        Jeśli jesteś mieszkańcem i masz pytania, które mogą wpłynąć na naszą
        przyszłość, to jest to miejsce dla Ciebie!
      </p>
    </div>
    <div className="MuiBox-root css-0">
      <div className="MuiBox-root css-k008qs">
        <h6
          className="MuiTypography-root MuiTypography-subtitle2 css-1od5i09-MuiTypography-root"
        >
          21 dni
        </h6>
        <h6
          className="MuiTypography-root MuiTypography-subtitle2 css-ati914-MuiTypography-root"
        >
          1 :
        </h6>
        <h6
          className="MuiTypography-root MuiTypography-subtitle2 css-ati914-MuiTypography-root"
        >
          54 :
        </h6>
        <h6
          className="MuiTypography-root MuiTypography-subtitle2 css-ati914-MuiTypography-root"
        >
          19
        </h6>
      </div>
    </div>
    <span
      className="MuiTypography-root MuiTypography-caption css-17f7twr-MuiTypography-root"
    >
      https://www.freepik.com
    </span>
  </div>
</header>
,
<section>
  <h2
    className="MuiTypography-root MuiTypography-h4 MuiTypography-gutterBottom css-1vw6mcs-MuiTypography-root"
  >
    Dlaczego warto zadawać pytania?
  </h2>
  <h3
    className="MuiTypography-root MuiTypography-h5 MuiTypography-gutterBottom css-h93ljk-MuiTypography-root"
  >
    Twój głos ma znaczenie
  </h3>
  <p
    className="MuiTypography-root MuiTypography-body1 MuiTypography-paragraph css-z2eky3-MuiTypography-root"
  >
    Zadając pytania, aktywnie wpływasz na debatę publiczną i decyzje ważne dla
    naszej społeczności.
  </p>
  <h3
    className="MuiTypography-root MuiTypography-h5 MuiTypography-gutterBottom css-h93ljk-MuiTypography-root"
  >
    Archiwizacja dla przyszłości
  </h3>
  <p
    className="MuiTypography-root MuiTypography-body1 MuiTypography-paragraph css-z2eky3-MuiTypography-root"
  >
    Wszystkie pytania zostaną zarchiwizowane i będą dostępne online aż do
    kolejnych wyborów, zapewniając transparentność i ciągłość dialogu.
  </p>
  <h3
    className="MuiTypography-root MuiTypography-h5 MuiTypography-gutterBottom css-h93ljk-MuiTypography-root"
  >
    Budowanie fundamentu dla debaty
  </h3>
  <p
    className="MuiTypography-root MuiTypography-body1 MuiTypography-paragraph css-z2eky3-MuiTypography-root"
  >
    Zbierając merytoryczne pytania, przygotowujemy solidną podstawę dla
    sensownej debaty, w której każdy mieszkaniec ma bezpośredni głos.
  </p>
</section>
,
<section>
  <h2
    className="MuiTypography-root MuiTypography-h4 MuiTypography-gutterBottom css-1vw6mcs-MuiTypography-root"
  >
    Zachęcamy do podpisywania się imieniem i nazwiskiem
  </h2>
  <p
    className="MuiTypography-root MuiTypography-body1 MuiTypography-paragraph css-z2eky3-MuiTypography-root"
  >
    Podpisując się pod swoim pytaniem, przyczyniasz się do budowy przejrzystej i
    otwartej debaty. Pokazujesz, że stoisz za swoimi słowami, co zwiększa ich
    wartość i znaczenie.
  </p>
  <h3
    className="MuiTypography-root MuiTypography-h5 MuiTypography-gutterBottom css-h93ljk-MuiTypography-root"
  >
    Nie bój się swoich pytań, bądź z nich dumny
  </h3>
  <p
    className="MuiTypography-root MuiTypography-body1 MuiTypography-paragraph css-z2eky3-MuiTypography-root"
  >
    Twoje pytania mogą ujawnić perspektywy, które inni mogą przeoczyć. Bycie
    sygnatariuszem swojego zapytania to dowód odwagi i zaangażowania w dobro
    wspólne.
  </p>
</section>
,
<section>
  <h2
    className="MuiTypography-root MuiTypography-h4 MuiTypography-gutterBottom css-1vw6mcs-MuiTypography-root"
  >
    Weź udział w kształtowaniu naszej wspólnej przyszłości
  </h2>
  <p
    className="MuiTypography-root MuiTypography-body1 MuiTypography-paragraph css-z2eky3-MuiTypography-root"
  >
    Masz unikalną okazję, aby Twoje pytania zostały usłyszane. Nie przegap
    szansy na bezpośredni wpływ na kierunek, w jakim podąża nasza społeczność.
  </p>
  <h3
    className="MuiTypography-root MuiTypography-h5 MuiTypography-gutterBottom css-h93ljk-MuiTypography-root"
  >
    Wypełnij ankietę już dziś!
  </h3>
</section>
,
<section>
  <p
    className="MuiTypography-root MuiTypography-body1 MuiTypography-paragraph css-z2eky3-MuiTypography-root"
  >
    W ostatnim tygodniu przed wyborami planujemy zorganizować debatę Q&A, która
    da Wam, drodzy mieszkańcy, niepowtarzalną okazję do zadania pytań
    kandydatom. Naszym celem jest stworzenie platformy otwartej na merytoryczną
    dyskusję, która pozwoli lepiej poznać stanowiska kandydatów w kluczowych dla
    naszej społeczności kwestiach.
  </p>
  <p
    className="MuiTypography-root MuiTypography-body1 MuiTypography-paragraph css-z2eky3-MuiTypography-root"
  >
    Aby debata mogła się odbyć, potrzebujemy Waszego wsparcia! Zachęcamy do
    aktywnego uczestnictwa w tej przedwyborczej inicjatywie poprzez zadawanie
    pytań. Naszym celem jest zebranie co najmniej 500 pytań od mieszkańców.
    Dodatkowo, aby pokazać, jak ważna jest dla nas wszystkich ta debata,
    chcielibyśmy również zobaczyć 1000 polubień na naszej stronie na Facebooku.
  </p>
  <p
    className="MuiTypography-root MuiTypography-body1 MuiTypography-paragraph css-z2eky3-MuiTypography-root"
  >
    Jeśli wspólnie osiągniemy te cele, nie tylko zorganizujemy debatę Q&A, ale
    również spotkanie organizacyjne, w którym będą mogli uczestniczyć wszyscy
    zainteresowani. To spotkanie będzie doskonałą okazją do bezpośredniego
    dialogu, wymiany opinii i wspólnego dążenia do lepszego jutra naszej
    społeczności.
  </p>
  <h2
    className="MuiTypography-root MuiTypography-h4 MuiTypography-gutterBottom css-1vw6mcs-MuiTypography-root"
  >
    Jak możesz pomóc?
  </h2>
  <ul className="MuiList-root MuiList-padding css-h4y409-MuiList-root">
    <li
      className="MuiListItem-root MuiListItem-gutters MuiListItem-padding css-1p823my-MuiListItem-root"
      disabled="{false}"
    >
      Zadaj pytanie: Jeśli nurtuje Cię konkretna kwestia lub po prostu chcesz
      lepiej poznać plany kandydatów – nie wahaj się. Każde pytanie przybliża
      nas do celu!
    </li>
    <li
      className="MuiListItem-root MuiListItem-gutters MuiListItem-padding css-1p823my-MuiListItem-root"
      disabled="{false}"
    >
      Polub i udostępnij naszą stronę na Facebooku: Pokaż swoje wsparcie i pomóż
      nam dotrzeć do większej liczby mieszkańców.
    </li>
    <li
      className="MuiListItem-root MuiListItem-gutters MuiListItem-padding css-1p823my-MuiListItem-root"
      disabled="{false}"
    >
      Bądź częścią tej zmiany To wyjątkowa okazja, by Twoje pytania i głos miały
      realny wpływ na przyszłość naszej społeczności. Pamiętaj, razem możemy
      więcej – dołącz do nas i bądź częścią tej ważnej debaty!
    </li>
  </ul>
</section>
, ] `;
